[    0.000000] Linux version 4.15.0-142-generic (buildd@lgw01-amd64-036) (gcc version 7.5.0 (Ubuntu 7.5.0-3ubuntu1~18.04)) #146-Ubuntu SMP Tue Apr 13 01:11:19 UTC 2021 (Ubuntu 4.15.0-142.146-generic 4.15.18)
[    0.000000] Command line: BOOT_IMAGE=/boot/vmlinuz-4.15.0-142-generic root=LABEL=cloudimg-rootfs ro console=tty1 console=ttyS0
[    0.000000] KERNEL supported cpus:
[    0.000000]   Intel GenuineIntel
[    0.000000]   AMD AuthenticAMD
[    0.000000]   Centaur CentaurHauls
[    0.000000] x86/fpu: Supporting XSAVE feature 0x001: 'x87 floating point registers'
[    0.000000] x86/fpu: Supporting XSAVE feature 0x002: 'SSE registers'
[    0.000000] x86/fpu: Supporting XSAVE feature 0x004: 'AVX registers'
[    0.000000] x86/fpu: xstate_offset[2]:  576, xstate_sizes[2]:  256
[    0.000000] x86/fpu: Enabled xstate features 0x7, context size is 832 bytes, using 'standard' format.
[    0.000000] e820: BIOS-provided physical RAM map:
[    0.000000] BIOS-e820: [mem 0x0000000000000000-0x000000000009fbff] usable
[    0.000000] BIOS-e820: [mem 0x000000000009fc00-0x000000000009ffff] reserved
[    0.000000] BIOS-e820: [mem 0x00000000000f0000-0x00000000000fffff] reserved
[    0.000000] BIOS-e820: [mem 0x0000000000100000-0x000000003ffeffff] usable
[    0.000000] BIOS-e820: [mem 0x000000003fff0000-0x000000003fffffff] ACPI data
[    0.000000] BIOS-e820: [mem 0x00000000fec00000-0x00000000fec00fff] reserved
[    0.000000] BIOS-e820: [mem 0x00000000fee00000-0x00000000fee00fff] reserved
[    0.000000] BIOS-e820: [mem 0x00000000fffc0000-0x00000000ffffffff] reserved
[    0.000000] NX (Execute Disable) protection: active
[    0.000000] SMBIOS 2.5 present.
[    0.000000] DMI: innotek GmbH VirtualBox/VirtualBox, BIOS VirtualBox 12/01/2006
[    0.000000] Hypervisor detected: KVM
[    0.000000] e820: last_pfn = 0x3fff0 max_arch_pfn = 0x400000000
[    0.000000] MTRR: Disabled
[    0.000000] x86/PAT: MTRRs disabled, skipping PAT initialization too.
[    0.000000] CPU MTRRs all blank - virtualized system.
[    0.000000] x86/PAT: Configuration [0-7]: WB  WT  UC- UC  WB  WT  UC- UC  
[    0.000000] found SMP MP-table at [mem 0x0009fff0-0x0009ffff]
[    0.000000] Scanning 1 areas for low memory corruption
[    0.000000] RAMDISK: [mem 0x359cf000-0x36cdefff]
[    0.000000] ACPI: Early table checksum verification disabled
[    0.000000] ACPI: RSDP 0x00000000000E0000 000024 (v02 VBOX  )
[    0.000000] ACPI: XSDT 0x000000003FFF0030 00003C (v01 VBOX   VBOXXSDT 00000001 ASL  00000061)
[    0.000000] ACPI: FACP 0x000000003FFF00F0 0000F4 (v04 VBOX   VBOXFACP 00000001 ASL  00000061)
[    0.000000] ACPI: DSDT 0x000000003FFF0470 002325 (v02 VBOX   VBOXBIOS 00000002 INTL 20100528)
[    0.000000] ACPI: FACS 0x000000003FFF0200 000040
[    0.000000] ACPI: FACS 0x000000003FFF0200 000040
[    0.000000] ACPI: APIC 0x000000003FFF0240 000054 (v02 VBOX   VBOXAPIC 00000001 ASL  00000061)
[    0.000000] ACPI: SSDT 0x000000003FFF02A0 0001CC (v01 VBOX   VBOXCPUT 00000002 INTL 20100528)
[    0.000000] No NUMA configuration found
[    0.000000] Faking a node at [mem 0x0000000000000000-0x000000003ffeffff]
[    0.000000] NODE_DATA(0) allocated [mem 0x3ffc5000-0x3ffeffff]
[    0.000000] kvm-clock: cpu 0, msr 0:3ff44001, primary cpu clock
[    0.000000] kvm-clock: Using msrs 4b564d01 and 4b564d00
[    0.000000] kvm-clock: using sched offset of 4090405407 cycles
[    0.000000] clocksource: kvm-clock: mask: 0xffffffffffffffff max_cycles: 0x1cd42e4dffb, max_idle_ns: 881590591483 ns
[    0.000000] Zone ranges:
[    0.000000]   DMA      [mem 0x0000000000001000-0x0000000000ffffff]
[    0.000000]   DMA32    [mem 0x0000000001000000-0x000000003ffeffff]
[    0.000000]   Normal   empty
[    0.000000]   Device   empty
[    0.000000] Movable zone start for each node
[    0.000000] Early memory node ranges
[    0.000000]   node   0: [mem 0x0000000000001000-0x000000000009efff]
[    0.000000]   node   0: [mem 0x0000000000100000-0x000000003ffeffff]
[    0.000000] Reserved but unavailable: 98 pages
[    0.000000] Initmem setup node 0 [mem 0x0000000000001000-0x000000003ffeffff]
[    0.000000] ACPI: PM-Timer IO Port: 0x4008
[    0.000000] IOAPIC[0]: apic_id 1, version 32, address 0xfec00000, GSI 0-23
[    0.000000] ACPI: INT_SRC_OVR (bus 0 bus_irq 0 global_irq 2 dfl dfl)
[    0.000000] ACPI: INT_SRC_OVR (bus 0 bus_irq 9 global_irq 9 low level)
[    0.000000] Using ACPI (MADT) for SMP configuration information
[    0.000000] smpboot: Allowing 1 CPUs, 0 hotplug CPUs
[    0.000000] PM: Registered nosave memory: [mem 0x00000000-0x00000fff]
[    0.000000] PM: Registered nosave memory: [mem 0x0009f000-0x0009ffff]
[    0.000000] PM: Registered nosave memory: [mem 0x000a0000-0x000effff]
[    0.000000] PM: Registered nosave memory: [mem 0x000f0000-0x000fffff]
[    0.000000] e820: [mem 0x40000000-0xfebfffff] available for PCI devices
[    0.000000] Booting paravirtualized kernel on KVM
[    0.000000] clocksource: refined-jiffies: mask: 0xffffffff max_cycles: 0xffffffff, max_idle_ns: 7645519600211568 ns
[    0.000000] random: get_random_bytes called from start_kernel+0x99/0x500 with crng_init=0
[    0.000000] setup_percpu: NR_CPUS:8192 nr_cpumask_bits:1 nr_cpu_ids:1 nr_node_ids:1
[    0.000000] percpu: Embedded 45 pages/cpu s147456 r8192 d28672 u2097152
[    0.000000] PV qspinlock hash table entries: 256 (order: 0, 4096 bytes)
[    0.000000] Built 1 zonelists, mobility grouping on.  Total pages: 257913
[    0.000000] Policy zone: DMA32
[    0.000000] Kernel command line: BOOT_IMAGE=/boot/vmlinuz-4.15.0-142-generic root=LABEL=cloudimg-rootfs ro console=tty1 console=ttyS0
[    0.000000] Memory: 982900K/1048120K available (12300K kernel code, 2483K rwdata, 4316K rodata, 2444K init, 2724K bss, 65220K reserved, 0K cma-reserved)
[    0.000000] SLUB: HWalign=64, Order=0-3, MinObjects=0, CPUs=1, Nodes=1
[    0.000000] Kernel/User page tables isolation: enabled
[    0.000000] ftrace: allocating 39434 entries in 155 pages
[    0.004000] Hierarchical RCU implementation.
[    0.004000] 	RCU restricting CPUs from NR_CPUS=8192 to nr_cpu_ids=1.
[    0.004000] 	Tasks RCU enabled.
[    0.004000] RCU: Adjusting geometry for rcu_fanout_leaf=16, nr_cpu_ids=1
[    0.004000] NR_IRQS: 524544, nr_irqs: 256, preallocated irqs: 16
[    0.004000] Console: colour VGA+ 80x25
[    0.004000] console [tty1] enabled
[    0.004000] console [ttyS0] enabled
[    0.004000] ACPI: Core revision 20170831
[    0.004000] ACPI: 2 ACPI AML tables successfully acquired and loaded
[    0.004000] APIC: Switch to symmetric I/O mode setup
[    0.004000] x2apic enabled
[    0.004000] Switched APIC routing to physical x2apic.
[    0.004000] ..TIMER: vector=0x30 apic1=0 pin1=2 apic2=-1 pin2=-1
[    0.004005] tsc: Detected 2711.996 MHz processor
[    0.005041] Calibrating delay loop (skipped) preset value.. 5423.99 BogoMIPS (lpj=10847984)
[    0.008004] pid_max: default: 32768 minimum: 301
[    0.009079] Security Framework initialized
[    0.010001] Yama: becoming mindful.
[    0.010874] AppArmor: AppArmor initialized
[    0.015327] Dentry cache hash table entries: 131072 (order: 8, 1048576 bytes)
[    0.016083] Inode-cache hash table entries: 65536 (order: 7, 524288 bytes)
[    0.017481] Mount-cache hash table entries: 2048 (order: 2, 16384 bytes)
[    0.018775] Mountpoint-cache hash table entries: 2048 (order: 2, 16384 bytes)
[    0.020302] process: using mwait in idle threads
[    0.021505] Last level iTLB entries: 4KB 64, 2MB 8, 4MB 8
[    0.022676] Last level dTLB entries: 4KB 64, 2MB 0, 4MB 0, 1GB 4
[    0.024008] Spectre V1 : Mitigation: usercopy/swapgs barriers and __user pointer sanitization
[    0.027409] Spectre V2 : Mitigation: Full generic retpoline
[    0.028004] Spectre V2 : Spectre v2 / SpectreRSB mitigation: Filling RSB on context switch
[    0.029642] Speculative Store Bypass: Vulnerable
[    0.030687] SRBDS: Unknown: Dependent on hypervisor status
[    0.032003] MDS: Mitigation: Clear CPU buffers
[    0.051033] Freeing SMP alternatives memory: 36K
[    0.162464] smpboot: CPU0: Intel(R) Core(TM) i5-7200U CPU @ 2.50GHz (family: 0x6, model: 0x8e, stepping: 0x9)
[    0.164000] Performance Events: unsupported p6 CPU model 142 no PMU driver, software events only.
[    0.164000] Hierarchical SRCU implementation.
[    0.164771] NMI watchdog: Perf event create on CPU 0 failed with -2
[    0.166148] NMI watchdog: Perf NMI watchdog permanently disabled
[    0.168055] smp: Bringing up secondary CPUs ...
[    0.169271] smp: Brought up 1 node, 1 CPU
[    0.170224] smpboot: Max logical packages: 1
[    0.171206] smpboot: Total of 1 processors activated (5423.99 BogoMIPS)
[    0.172182] devtmpfs: initialized
[    0.173041] x86/mm: Memory block size: 128MB
[    0.174021] evm: security.selinux
[    0.174670] evm: security.SMACK64
[    0.176006] evm: security.SMACK64EXEC
[    0.176730] evm: security.SMACK64TRANSMUTE
[    0.177496] evm: security.SMACK64MMAP
[    0.178236] evm: security.apparmor
[    0.178932] evm: security.ima
[    0.179607] evm: security.capability
[    0.180135] clocksource: jiffies: mask: 0xffffffff max_cycles: 0xffffffff, max_idle_ns: 7645041785100000 ns
[    0.182054] futex hash table entries: 256 (order: 2, 16384 bytes)
[    0.183455] pinctrl core: initialized pinctrl subsystem
[    0.184126] RTC time:  5:51:15, date: 04/27/21
[    0.185285] NET: Registered protocol family 16
[    0.188105] audit: initializing netlink subsys (disabled)
[    0.189274] cpuidle: using governor ladder
[    0.190059] cpuidle: using governor menu
[    0.190872] ACPI: bus type PCI registered
[    0.192004] acpiphp: ACPI Hot Plug PCI Controller Driver version: 0.5
[    0.193462] PCI: Using configuration type 1 for base access
[    0.194787] audit: type=2000 audit(1619502681.181:1): state=initialized audit_enabled=0 res=1
[    0.197307] HugeTLB registered 2.00 MiB page size, pre-allocated 0 pages
[    0.200181] ACPI: Added _OSI(Module Device)
[    0.201166] ACPI: Added _OSI(Processor Device)
[    0.204005] ACPI: Added _OSI(3.0 _SCP Extensions)
[    0.204881] ACPI: Added _OSI(Processor Aggregator Device)
[    0.205866] ACPI: Added _OSI(Linux-Dell-Video)
[    0.206736] ACPI: Added _OSI(Linux-Lenovo-NV-HDMI-Audio)
[    0.208018] ACPI: Added _OSI(Linux-HPI-Hybrid-Graphics)
[    0.209467] ACPI: Executed 1 blocks of module-level executable AML code
[    0.215676] ACPI: Interpreter enabled
[    0.216026] ACPI: (supports S0 S5)
[    0.216684] ACPI: Using IOAPIC for interrupt routing
[    0.217996] PCI: Using host bridge windows from ACPI; if necessary, use "pci=nocrs" and report a bug
[    0.220209] ACPI: Enabled 2 GPEs in block 00 to 07
[    0.229097] ACPI: PCI Root Bridge [PCI0] (domain 0000 [bus 00-ff])
[    0.230683] acpi PNP0A03:00: _OSC: OS supports [ASPM ClockPM Segments MSI]
[    0.232580] acpi PNP0A03:00: _OSC: not requesting OS control; OS requires [ExtendedConfig ASPM ClockPM MSI]
[    0.234584] acpi PNP0A03:00: fail to add MMCONFIG information, can't access extended PCI configuration space under this bridge.
[    0.236534] PCI host bridge to bus 0000:00
[    0.237424] pci_bus 0000:00: root bus resource [io  0x0000-0x0cf7 window]
[    0.240005] pci_bus 0000:00: root bus resource [io  0x0d00-0xffff window]
[    0.241216] pci_bus 0000:00: root bus resource [mem 0x000a0000-0x000bffff window]
[    0.242730] pci_bus 0000:00: root bus resource [mem 0x40000000-0xfdffffff window]
[    0.244005] pci_bus 0000:00: root bus resource [bus 00-ff]
[    0.248929] pci 0000:00:01.1: legacy IDE quirk: reg 0x10: [io  0x01f0-0x01f7]
[    0.250229] pci 0000:00:01.1: legacy IDE quirk: reg 0x14: [io  0x03f6]
[    0.251434] pci 0000:00:01.1: legacy IDE quirk: reg 0x18: [io  0x0170-0x0177]
[    0.252008] pci 0000:00:01.1: legacy IDE quirk: reg 0x1c: [io  0x0376]
[    0.275588] pci 0000:00:07.0: quirk: [io  0x4000-0x403f] claimed by PIIX4 ACPI
[    0.276027] pci 0000:00:07.0: quirk: [io  0x4100-0x410f] claimed by PIIX4 SMB
[    0.295436] ACPI: PCI Interrupt Link [LNKA] (IRQs 5 9 10 *11)
[    0.296451] ACPI: PCI Interrupt Link [LNKB] (IRQs 5 9 *10 11)
[    0.298443] ACPI: PCI Interrupt Link [LNKC] (IRQs 5 *9 10 11)
[    0.300159] ACPI: PCI Interrupt Link [LNKD] (IRQs 5 9 10 *11)
[    0.304204] SCSI subsystem initialized
[    0.305585] pci 0000:00:02.0: vgaarb: setting as boot VGA device
[    0.307503] pci 0000:00:02.0: vgaarb: VGA device added: decodes=io+mem,owns=io+mem,locks=none
[    0.308009] pci 0000:00:02.0: vgaarb: bridge control possible
[    0.312004] vgaarb: loaded
[    0.313090] ACPI: bus type USB registered
[    0.314410] usbcore: registered new interface driver usbfs
[    0.316040] usbcore: registered new interface driver hub
[    0.317568] usbcore: registered new device driver usb
[    0.319233] EDAC MC: Ver: 3.0.0
[    0.320386] PCI: Using ACPI for IRQ routing
[    0.321665] NetLabel: Initializing
[    0.322553] NetLabel:  domain hash size = 128
[    0.323502] NetLabel:  protocols = UNLABELED CIPSOv4 CALIPSO
[    0.324043] NetLabel:  unlabeled traffic allowed by default
[    0.325348] clocksource: Switched to clocksource kvm-clock
[    0.345338] VFS: Disk quotas dquot_6.6.0
[    0.346287] VFS: Dquot-cache hash table entries: 512 (order 0, 4096 bytes)
[    0.347804] AppArmor: AppArmor Filesystem Enabled
[    0.349150] pnp: PnP ACPI init
[    0.351109] pnp: PnP ACPI: found 3 devices
[    0.357805] clocksource: acpi_pm: mask: 0xffffff max_cycles: 0xffffff, max_idle_ns: 2085701024 ns
[    0.359995] NET: Registered protocol family 2
[    0.361106] TCP established hash table entries: 8192 (order: 4, 65536 bytes)
[    0.362575] TCP bind hash table entries: 8192 (order: 5, 131072 bytes)
[    0.364049] TCP: Hash tables configured (established 8192 bind 8192)
[    0.365489] UDP hash table entries: 512 (order: 2, 16384 bytes)
[    0.366765] UDP-Lite hash table entries: 512 (order: 2, 16384 bytes)
[    0.368107] NET: Registered protocol family 1
[    0.369216] pci 0000:00:00.0: Limiting direct PCI/PCI transfers
[    0.370835] pci 0000:00:01.0: Activating ISA DMA hang workarounds
[    0.372228] pci 0000:00:02.0: Video device with shadowed ROM at [mem 0x000c0000-0x000dffff]
[    0.374233] Unpacking initramfs...
[    0.751804] Freeing initrd memory: 19520K
[    0.752768] clocksource: tsc: mask: 0xffffffffffffffff max_cycles: 0x271782d3887, max_idle_ns: 440795314643 ns
[    0.754603] platform rtc_cmos: registered platform RTC device (no PNP device found)
[    0.756022] Scanning for low memory corruption every 60 seconds
[    0.757686] Initialise system trusted keyrings
[    0.758567] Key type blacklist registered
[    0.759360] workingset: timestamp_bits=36 max_order=18 bucket_order=0
[    0.761724] zbud: loaded
[    0.762870] squashfs: version 4.0 (2009/01/31) Phillip Lougher
[    0.764953] fuse init (API version 7.26)
[    0.766528] Key type asymmetric registered
[    0.767328] Asymmetric key parser 'x509' registered
[    0.768297] Block layer SCSI generic (bsg) driver version 0.4 loaded (major 246)
[    0.770587] io scheduler noop registered
[    0.771425] io scheduler deadline registered
[    0.772411] io scheduler cfq registered (default)
[    0.773635] ACPI: AC Adapter [AC] (on-line)
[    0.774545] input: Power Button as /devices/LNXSYSTM:00/LNXPWRBN:00/input/input0
[    0.776240] ACPI: Power Button [PWRF]
[    0.777126] input: Sleep Button as /devices/LNXSYSTM:00/LNXSLPBN:00/input/input1
[    0.778685] ACPI: Sleep Button [SLPF]
[    0.780803] ACPI: Battery Slot [BAT0] (battery present)
[    0.782103] Serial: 8250/16550 driver, 32 ports, IRQ sharing enabled
[    0.816887] 00:02: ttyS0 at I/O 0x3f8 (irq = 4, base_baud = 115200) is a 16550A
[    0.820721] Linux agpgart interface v0.103
[    0.823630] loop: module loaded
[    0.825334] scsi host0: ata_piix
[    0.826088] scsi host1: ata_piix
[    0.826835] ata1: PATA max UDMA/33 cmd 0x1f0 ctl 0x3f6 bmdma 0xd000 irq 14
[    0.828199] ata2: PATA max UDMA/33 cmd 0x170 ctl 0x376 bmdma 0xd008 irq 15
[    0.830097] libphy: Fixed MDIO Bus: probed
[    0.830951] tun: Universal TUN/TAP device driver, 1.6
[    0.832012] PPP generic driver version 2.4.2
[    0.832969] ehci_hcd: USB 2.0 'Enhanced' Host Controller (EHCI) Driver
[    0.834367] ehci-pci: EHCI PCI platform driver
[    0.835417] ehci-platform: EHCI generic platform driver
[    0.836624] ohci_hcd: USB 1.1 'Open' Host Controller (OHCI) Driver
[    0.837928] ohci-pci: OHCI PCI platform driver
[    0.839024] ohci-platform: OHCI generic platform driver
[    0.840147] uhci_hcd: USB Universal Host Controller Interface driver
[    0.841635] i8042: PNP: PS/2 Controller [PNP0303:PS2K,PNP0f03:PS2M] at 0x60,0x64 irq 1,12
[    0.843900] serio: i8042 KBD port at 0x60,0x64 irq 1
[    0.845091] serio: i8042 AUX port at 0x60,0x64 irq 12
[    0.846226] mousedev: PS/2 mouse device common for all mice
[    0.847787] input: AT Translated Set 2 keyboard as /devices/platform/i8042/serio0/input/input2
[    0.850026] rtc_cmos rtc_cmos: rtc core: registered rtc_cmos as rtc0
[    0.851426] rtc_cmos rtc_cmos: alarms up to one day, 114 bytes nvram
[    0.852808] i2c /dev entries driver
[    0.853635] device-mapper: uevent: version 1.0.3
[    0.854706] device-mapper: ioctl: 4.37.0-ioctl (2017-09-20) initialised: dm-devel@redhat.com
[    0.856461] ledtrig-cpu: registered to indicate activity on CPUs
[    0.857911] intel_pmc_core:  initialized
[    0.858988] NET: Registered protocol family 10
[    0.863424] Segment Routing with IPv6
[    0.864301] NET: Registered protocol family 17
[    0.865366] Key type dns_resolver registered
[    0.866385] mce: Using 0 MCE banks
[    0.867151] RAS: Correctable Errors collector initialized.
[    0.868383] sched_clock: Marking stable (868347329, 0)->(1093372429, -225025100)
[    0.870085] registered taskstats version 1
[    0.870994] Loading compiled-in X.509 certificates
[    0.874222] Loaded X.509 cert 'Build time autogenerated kernel key: 028139f94c642d40642d50ab098c4e7b0aebaa81'
[    0.876848] Loaded X.509 cert 'Canonical Ltd. Live Patch Signing: 14df34d1a87cf37625abec039ef2bf521249b969'
[    0.879458] Loaded X.509 cert 'Canonical Ltd. Kernel Module Signing: 88f752e560a1e0737e31163a466ad7b70a850c19'
[    0.881722] zswap: loaded using pool lzo/zbud
[    0.885841] Key type big_key registered
[    0.886727] Key type trusted registered
[    0.889101] Key type encrypted registered
[    0.890053] AppArmor: AppArmor sha1 policy hashing enabled
[    0.891201] ima: No TPM chip found, activating TPM-bypass! (rc=-19)
[    0.892680] ima: Allocated hash algorithm: sha1
[    0.893771] evm: HMAC attrs: 0x1
[    0.894769]   Magic number: 1:883:871
[    0.895719] rtc_cmos rtc_cmos: setting system clock to 2021-04-27 05:51:16 UTC (1619502676)
[    0.897571] BIOS EDD facility v0.16 2004-Jun-25, 0 devices found
[    0.898929] EDD information not available.
[    1.014538] Freeing unused kernel image memory: 2444K
[    1.024224] Write protecting the kernel read-only data: 20480k
[    1.026058] Freeing unused kernel image memory: 2008K
[    1.027455] Freeing unused kernel image memory: 1828K
[    1.038695] x86/mm: Checked W+X mappings: passed, no W+X pages found.
[    1.040169] x86/mm: Checking user space page tables
[    1.050942] x86/mm: Checked W+X mappings: passed, no W+X pages found.
Loading, please wait...
starting version 237
[    1.174502] e1000: Intel(R) PRO/1000 Network Driver - version 7.3.21-k8-NAPI
[    1.176225] e1000: Copyright (c) 1999-2006 Intel Corporation.
[    1.181863] Fusion MPT base driver 3.04.20
[    1.182914] Copyright (c) 1999-2008 LSI Corporation
[    1.202086] Fusion MPT SPI Host driver 3.04.20
[    1.222997] AVX2 version of gcm_enc/dec engaged.
[    1.224073] AES CTR mode by8 optimization enabled
[    1.394279] input: ImExPS/2 Generic Explorer Mouse as /devices/platform/i8042/serio1/input/input4
[    1.635386] e1000 0000:00:03.0 eth0: (PCI:33MHz:32-bit) 02:f3:7b:02:da:50
[    1.637150] e1000 0000:00:03.0 eth0: Intel(R) PRO/1000 Network Connection
[    1.640124] mptbase: ioc0: Initiating bringup
[    1.736667] ioc0: LSI53C1030 A0: Capabilities={Initiator}
[    1.978795] scsi host2: ioc0: LSI53C1030 A0, FwRev=00000000h, Ports=1, MaxQ=256, IRQ=20
[    2.148844] scsi 2:0:0:0: Direct-Access     VBOX     HARDDISK         1.0  PQ: 0 ANSI: 5
[    2.150752] scsi target2:0:0: Beginning Domain Validation
[    2.155582] scsi target2:0:0: Domain Validation skipping write tests
[    2.156801] scsi target2:0:0: Ending Domain Validation
[    2.157791] scsi target2:0:0: asynchronous
[    2.158673] random: fast init done
[    2.159670] scsi 2:0:1:0: Direct-Access     VBOX     HARDDISK         1.0  PQ: 0 ANSI: 5
[    2.161245] scsi target2:0:1: Beginning Domain Validation
[    2.163022] scsi target2:0:1: Domain Validation skipping write tests
[    2.164182] scsi target2:0:1: Ending Domain Validation
[    2.165195] scsi target2:0:1: asynchronous
[    2.170498] random: systemd-udevd: uninitialized urandom read (16 bytes read)
[    2.172010] random: systemd-udevd: uninitialized urandom read (16 bytes read)
[    2.173765] random: systemd-udevd: uninitialized urandom read (16 bytes read)
[    2.175365] sd 2:0:0:0: Attached scsi generic sg0 type 0
[    2.176633] sd 2:0:0:0: [sda] 83886080 512-byte logical blocks: (42.9 GB/40.0 GiB)
[    2.178343] sd 2:0:0:0: [sda] Write Protect is off
[    2.179822] sd 2:0:0:0: [sda] Incomplete mode parameter data
[    2.181141] sd 2:0:0:0: [sda] Assuming drive cache: write through
[    2.182630] sd 2:0:1:0: Attached scsi generic sg1 type 0
[    2.183969] sd 2:0:1:0: [sdb] 20480 512-byte logical blocks: (10.5 MB/10.0 MiB)
[    2.186688] sd 2:0:1:0: [sdb] Write Protect is off
[    2.188031] sd 2:0:1:0: [sdb] Incomplete mode parameter data
[    2.189301] sd 2:0:1:0: [sdb] Assuming drive cache: write through
[    2.205392]  sda: sda1
[    2.207071] sd 2:0:0:0: [sda] Attached SCSI disk
[    2.226176] sd 2:0:1:0: [sdb] Attached SCSI disk
[    2.569621] e1000 0000:00:08.0 eth1: (PCI:33MHz:32-bit) 08:00:27:70:1f:76
[    2.571091] e1000 0000:00:08.0 eth1: Intel(R) PRO/1000 Network Connection
[    2.574020] e1000 0000:00:08.0 enp0s8: renamed from eth1
[    2.577871] e1000 0000:00:03.0 enp0s3: renamed from eth0
Begin: Loading essential drivers ... [    4.152050] raid6: sse2x1   gen() 10588 MB/s
[    4.200059] raid6: sse2x1   xor()  7723 MB/s
[    4.248051] raid6: sse2x2   gen() 12965 MB/s
[    4.296070] raid6: sse2x2   xor()  8907 MB/s
[    4.344024] raid6: sse2x4   gen() 14924 MB/s
[    4.392047] raid6: sse2x4   xor()  9342 MB/s
[    4.440083] raid6: avx2x1   gen() 18176 MB/s
[    4.488085] raid6: avx2x1   xor() 11562 MB/s
[    4.536080] raid6: avx2x2   gen() 21065 MB/s
[    4.584047] raid6: avx2x2   xor() 14662 MB/s
[    4.632070] raid6: avx2x4   gen() 25296 MB/s
[    4.680042] raid6: avx2x4   xor() 16070 MB/s
[    4.680909] raid6: using algorithm avx2x4 gen() 25296 MB/s
[    4.681916] raid6: .... xor() 16070 MB/s, rmw enabled
[    4.682842] raid6: using avx2x2 recovery algorithm
[    4.685697] xor: automatically using best checksumming function   avx       
[    4.688818] async_tx: api initialized (async)
done.
Begin: Running /scripts/init-premount ... done.
Begin: Mounting root file system ... Begin: Running /scripts/local-top ... done.
Begin: Running /scripts/local-premount ... [    4.750568] Btrfs loaded, crc32c=crc32c-intel
Scanning for Btrfs filesystems
done.
Warning: fsck not present, so skipping root file system
[    4.810961] EXT4-fs (sda1): mounted filesystem with ordered data mode. Opts: (null)
done.
Begin: Running /scripts/local-bottom ... done.
Begin: Running /scripts/init-bottom ... done.
[    5.046495] ip_tables: (C) 2000-2006 Netfilter Core Team
[    5.061210] systemd[1]: systemd 237 running in system mode. (+PAM +AUDIT +SELINUX +IMA +APPARMOR +SMACK +SYSVINIT +UTMP +LIBCRYPTSETUP +GCRYPT +GNUTLS +ACL +XZ +LZ4 +SECCOMP +BLKID +ELFUTILS +KMOD -IDN2 +IDN -PCRE2 default-hierarchy=hybrid)
[    5.065541] systemd[1]: Detected virtualization oracle.
[    5.066692] systemd[1]: Detected architecture x86-64.

Welcome to [1mUbuntu 18.04.5 LTS[0m!

[    5.071954] systemd[1]: Set hostname to <ubuntu-bionic>.
[    5.458206] systemd[1]: Created slice User and Session Slice.
[[0;32m  OK  [0m] Created slice User and Session Slice.
[    5.472110] systemd[1]: Reached target User and Group Name Lookups.
[[0;32m  OK  [0m] Reached target User and Group Name Lookups.
[    5.474593] systemd[1]: Created slice System Slice.
[[0;32m  OK  [0m] Created slice System Slice.
[    5.476254] systemd[1]: Listening on Device-mapper event daemon FIFOs.
[[0;32m  OK  [0m] Listening on Device-mapper event daemon FIFOs.
[    5.478193] systemd[1]: Listening on Syslog Socket.
[[0;32m  OK  [0m] Listening on Syslog Socket.
[    5.479902] systemd[1]: Listening on Journal Socket.
[[0;32m  OK  [0m] Listening on Journal Socket.
         Starting Uncomplicated firewall...
[[0;32m  OK  [0m] Listening on udev Kernel Socket.
         Mounting POSIX Message Queue File System...
         Mounting Kernel Debug File System...
[[0;32m  OK  [0m] Listening on Journal Audit Socket.
[[0;32m  OK  [0m] Listening on fsck to fsckd communication Socket.
[[0;32m  OK  [0m] Listening on LVM2 metadata daemon socket.
         Starting Monitoring of LVM2 mirrorsâ€¦ng dmeventd or progress polling...
[[0;32m  OK  [0m] Listening on LVM2 poll daemon socket.
[[0;32m  OK  [0m] Listening on udev Control Socket.
         Starting Create list of required stâ€¦ce nodes for the current kernel...
[[0;32m  OK  [0m] Reached target Slices.
         Starting udev Coldplug all Devices...
[[0;32m  OK  [0m] Reached target System Time Synchronized.
[[0;32m  OK  [0m] Reached target Swap.
         Starting File System Check on Root Device...
[[0;32m  OK  [0m] Listening on Network Service Netlink Socket.
         Starting Load Kernel Modules...
         Mounting Huge Pages File System...
         Starting Set the console keyboard layout...
[[0;32m  OK  [0m] Listening on /dev/initctl Compatibility Named Pipe.
[[0;32m  OK  [0m] Listening on Journal Socket (/dev/log).
         Starting Journal Service...
[[0;32m  OK  [0m] Created slice system-serial\x2dgetty.slice.
[[0;32m  OK  [0m] Started Forward Password Requests to Wall Directory Watch.
[[0;32m  OK  [0m] Set up automount Arbitrary Executabâ€¦rmats File System Automount Point.
[    5.641431] Loading iSCSI transport class v2.0-870.
[[0;32m  OK  [0m] Started Uncomplicated firewall.
[[0;32m  OK  [0m] Mounted POSIX Message Queue File System.
[    5.699979] iscsi: registered transport (tcp)
[[0;32m  OK  [0m] Mounted Kernel Debug File System.
[[0;32m  OK  [0m] Started Journal Service.
[[0;32m  OK  [0m] Started Create list of required staâ€¦vice nodes for the current kernel.
[[0;32m  OK  [0m] Started File System Check on Root Device.
[[0;32m  OK  [0m] Mounted Huge Pages File System.
[[0;32m  OK  [0m] Started File System Check Daemon to report status.
[[0;32m  OK  [0m] Started LVM2 metadata daemon.
         Starting Remount Root and Kernel File Systems...
         Starting Create Static Device Nodes in /dev...
[    5.763665] iscsi: registered transport (iser)
[[0;32m  OK  [0m] Started Load Kernel Modules.
         Mounting FUSE Control File System...
         Starting Apply Kernel Variables...
         Mounting Kernel Configuration File System...
[[0;32m  OK  [0m] Mounted FUSE Control File System.
[[0;32m  OK  [0m] Started Create Static Device Nodes in /dev.
[[0;32m  OK  [0m] Mounted Kernel Configuration File System.
[[0;32m  OK  [0m] Started udev Coldplug all Devices.
[    5.856210] EXT4-fs (sda1): re-mounted. Opts: (null)
[[0;32m  OK  [0m] Started Remount Root and Kernel File Systems.
         Starting udev Kernel Device Manager...
         Starting Load/Save Random Seed...
         Starting Flush Journal to Persistent Storage...
[[0;32m  OK  [0m] Started Load/Save Random Seed.
[[0;32m  OK  [0m] Started Apply Kernel Variables.
[[0;32m  OK  [0m] Started udev Kernel Device Manager.
[[0;32m  OK  [0m] Started Monitoring of LVM2 mirrors,â€¦sing dmeventd or progress polling.
[[0;32m  OK  [0m] Started Flush Journal to Persistent Storage.
[[0;32m  OK  [0m] Started Set the console keyboard layout.
[[0;32m  OK  [0m] Started Dispatch Password Requests to Console Directory Watch.
[[0;32m  OK  [0m] Reached target Local Encrypted Volumes.
[[0;32m  OK  [0m] Reached target Local File Systems (Pre).
[[0;32m  OK  [0m] Reached target Local File Systems.
         Starting Create Volatile Files and Directories...
         Starting Tell Plymouth To Write Out Runtime Data...
         Starting Set console font and keymap...
         Starting AppArmor initialization...
         Starting ebtables ruleset management...
[[0;32m  OK  [0m] Started Set console font and keymap.
[[0;32m  OK  [0m] Started Tell Plymouth To Write Out Runtime Data.
[[0;32m  OK  [0m] Started Create Volatile Files and Directories.
         Starting Update UTMP about System Boot/Shutdown...
[[0;32m  OK  [0m] Started Update UTMP about System Boot/Shutdown.
[[0;32m  OK  [0m] Started ebtables ruleset management.
[[0;32m  OK  [0m] Started AppArmor initialization.
         Starting Initial cloud-init job (pre-networking)...
         Starting Load AppArmor profiles managed internally by snapd...
[[0;32m  OK  [0m] Started Load AppArmor profiles managed internally by snapd.
[[0;32m  OK  [0m] Found device /dev/ttyS0.
[[0;32m  OK  [0m] Listening on Load/Save RF Kill Switch Status /dev/rfkill Watch.
[    8.659084] cloud-init[523]: Cloud-init v. 21.1-19-gbad84ad4-0ubuntu1~18.04.1 running 'init-local' at Tue, 27 Apr 2021 05:51:23 +0000. Up 8.39 seconds.
[[0;32m  OK  [0m] Started Initial cloud-init job (pre-networking).
[[0;32m  OK  [0m] Reached target Network (Pre).
         Starting Network Service...
[[0;32m  OK  [0m] Started Network Service.
         Starting Wait for Network to be Configured...
         Starting Network Name Resolution...
[[0;32m  OK  [0m] Started Network Name Resolution.
[[0;32m  OK  [0m] Reached target Network.
[[0;32m  OK  [0m] Reached target Host and Network Name Lookups.
[[0;32m  OK  [0m] Started Wait for Network to be Configured.
         Starting Initial cloud-init job (metadata service crawler)...
[   12.046091] cloud-init[661]: Cloud-init v. 21.1-19-gbad84ad4-0ubuntu1~18.04.1 running 'init' at Tue, 27 Apr 2021 05:51:27 +0000. Up 11.53 seconds.
[   12.060566] cloud-init[661]: ci-info: ++++++++++++++++++++++++++++++++++++++Net device info+++++++++++++++++++++++++++++++++++++++
[   12.066484] cloud-init[661]: ci-info: +--------+------+-----------------------------+---------------+--------+-------------------+
[   12.070681] cloud-init[661]: ci-info: | Device |  Up  |           Address           |      Mask     | Scope  |     Hw-Address    |
[   12.077698] cloud-init[661]: ci-info: +--------+------+-----------------------------+---------------+--------+-------------------+
[   12.084416] cloud-init[661]: ci-info: | enp0s3 | True |          10.0.2.15          | 255.255.255.0 | global | 02:f3:7b:02:da:50 |
[   12.101193] cloud-init[661]: ci-info: | enp0s3 | True |  fe80::f3:7bff:fe02:da50/64 |       .       |  link  | 02:f3:7b:02:da:50 |
[   12.114387] cloud-init[661]: ci-info: | enp0s8 | True |          10.80.4.10         | 255.255.255.0 | global | 08:00:27:70:1f:76 |
[   12.128420] cloud-init[661]: ci-info: | enp0s8 | True | fe80::a00:27ff:fe70:1f76/64 |       .       |  link  | 08:00:27:70:1f:76 |
[   12.132997] cloud-init[661]: ci-info: |   lo   | True |          127.0.0.1          |   255.0.0.0   |  host  |         .         |
[   12.146281] cloud-init[661]: ci-info: |   lo   | True |           ::1/128           |       .       |  host  |         .         |
[   12.158458] cloud-init[661]: ci-info: +--------+------+-----------------------------+---------------+--------+-------------------+
[   12.163265] cloud-init[661]: ci-info: ++++++++++++++++++++++++++++Route IPv4 info+++++++++++++++++++++++++++++
[   12.168901] cloud-init[661]: ci-info: +-------+-------------+----------+-----------------+-----------+-------+
[   12.177442] cloud-init[661]: ci-info: | Route | Destination | Gateway  |     Genmask     | Interface | Flags |
[   12.187308] cloud-init[661]: ci-info: +-------+-------------+----------+-----------------+-----------+-------+
[   12.189495] cloud-init[661]: ci-info: |   0   |   0.0.0.0   | 10.0.2.2 |     0.0.0.0     |   enp0s3  |   UG  |
[   12.195533] cloud-init[661]: ci-info: |   1   |   10.0.2.0  | 0.0.0.0  |  255.255.255.0  |   enp0s3  |   U   |
[   12.203337] cloud-init[661]: ci-info: |   2   |   10.0.2.2  | 0.0.0.0  | 255.255.255.255 |   enp0s3  |   UH  |
[   12.219914] cloud-init[661]: ci-info: |   3   |  10.80.4.0  | 0.0.0.0  |  255.255.255.0  |   enp0s8  |   U   |
[   12.225414] cloud-init[661]: ci-info: +-------+-------------+----------+-----------------+-----------+-------+
[   12.244624] cloud-init[661]: ci-info: +++++++++++++++++++Route IPv6 info+++++++++++++++++++
[   12.253784] cloud-init[661]: ci-info: +-------+-------------+---------+-----------+-------+
[   12.264174] cloud-init[661]: ci-info: | Route | Destination | Gateway | Interface | Flags |
[   12.270764] cloud-init[661]: ci-info: +-------+-------------+---------+-----------+-------+
[   12.278269] cloud-init[661]: ci-info: |   1   |  fe80::/64  |    ::   |   enp0s3  |   U   |
[   12.290373] cloud-init[661]: ci-info: |   2   |  fe80::/64  |    ::   |   enp0s8  |   U   |
[   12.293486] cloud-init[661]: ci-info: |   4   |    local    |    ::   |   enp0s3  |   U   |
[   12.295534] cloud-init[661]: ci-info: |   5   |    local    |    ::   |   enp0s8  |   U   |
[   12.301968] cloud-init[661]: ci-info: |   6   |   ff00::/8  |    ::   |   enp0s3  |   U   |
[   12.308790] cloud-init[661]: ci-info: |   7   |   ff00::/8  |    ::   |   enp0s8  |   U   |
[   12.312370] cloud-init[661]: ci-info: +-------+-------------+---------+-----------+-------+
[[0;32m  OK  [0m] Started Initial cloud-init job (metadata service crawler).
[[0;32m  OK  [0m] Reached target Network is Online.
         Starting Availability of block devices...
[[0;32m  OK  [0m] Reached target Remote File Systems (Pre).
         Mounting /vagrant...
[[0;32m  OK  [0m] Reached target System Initialization.
[[0;32m  OK  [0m] Listening on D-Bus System Message Bus Socket.
[[0;32m  OK  [0m] Started Daily Cleanup of Temporary Directories.
[[0;32m  OK  [0m] Started Message of the Day.
[[0;32m  OK  [0m] Listening on ACPID Listen Socket.
[[0;32m  OK  [0m] Started Discard unused blocks once a week.
         Starting LXD - unix socket.
[[0;32m  OK  [0m] Started ACPI Events Check.
[[0;32m  OK  [0m] Reached target Paths.
[[0;32m  OK  [0m] Started Daily apt download activities.
[[0;32m  OK  [0m] Started Daily apt upgrade and clean activities.
[[0;32m  OK  [0m] Reached target Timers.
         Starting Socket activation for snappy daemon.
[[0;32m  OK  [0m] Listening on UUID daemon activation socket.
[[0;32m  OK  [0m] Listening on Open-iSCSI iscsid Socket.
[[0;32m  OK  [0m] Reached target Cloud-config availability.
[[0;32m  OK  [0m] Started Availability of block devices.
[[0;32m  OK  [0m] Mounted /vagrant.
[[0;32m  OK  [0m] Listening on LXD - unix socket.
[[0;32m  OK  [0m] Listening on Socket activation for snappy daemon.
[[0;32m  OK  [0m] Reached target Sockets.
[[0;32m  OK  [0m] Reached target Basic System.
[[0;32m  OK  [0m] Started FUSE filesystem for LXC.
         Starting System Logging Service...
         Starting Dispatcher daemon for systemd-networkd...
         Starting Login Service...
         Starting MySQL Community Server...
         Starting Snap Daemon...
[[0;32m  OK  [0m] Started D-Bus System Message Bus.
         Starting OpenBSD Secure Shell server...
         Starting Accounts Service...
[[0;32m  OK  [0m] Started irqbalance daemon.
         Starting LXD - container startup/shutdown...
[[0;32m  OK  [0m] Started Regular background program processing daemon.
         Starting Virtualbox guest utils...
         Starting LSB: Record successful boot for GRUB...
[[0;32m  OK  [0m] Started Deferred execution scheduler.
[[0;32m  OK  [0m] Reached target Remote File Systems.
         Starting LSB: automatic crash report generation...
         Starting Permit User Sessions...
[[0;32m  OK  [0m] Started System Logging Service.
[[0;32m  OK  [0m] Started Login Service.
[[0;32m  OK  [0m] Started Unattended Upgrades Shutdown.
[[0;32m  OK  [0m] Started Permit User Sessions.
         Starting Terminate Plymouth Boot Screen...
         Starting Hold until boot process finishes up...
[[0;32m  OK  [0m] Started Hold until boot process finishes up.
         Starting Set console scheme...
[[0;32m  OK  [0m] Started Serial Getty on ttyS0.
[[0;32m  OK  [0m] Started Terminate Plymouth Boot Screen.
[[0;32m  OK  [0m] Started Set console scheme.
[[0;32m  OK  [0m] Created slice system-getty.slice.
[[0;32m  OK  [0m] Started Getty on tty1.
[[0;32m  OK  [0m] Reached target Login Prompts.
         Starting Authorization Manager...
[[0;32m  OK  [0m] Started OpenBSD Secure Shell server.
[[0;32m  OK  [0m] Started LSB: automatic crash report generation.
[[0;32m  OK  [0m] Started LSB: Record successful boot for GRUB.
[[0;32m  OK  [0m] Started Authorization Manager.
[[0;32m  OK  [0m] Started Accounts Service.
[[0;32m  OK  [0m] Started Virtualbox guest utils.
[[0;32m  OK  [0m] Started LXD - container startup/shutdown.
[[0;32m  OK  [0m] Started Snap Daemon.
         Starting Wait until snapd is fully seeded...
[[0;32m  OK  [0m] Created slice User Slice of vagrant.
[[0;32m  OK  [0m] Started Dispatcher daemon for systemd-networkd.
         Starting User Manager for UID 1000...
[[0;32m  OK  [0m] Started Session 1 of user vagrant.
[[0;32m  OK  [0m] Started Wait until snapd is fully seeded.
         Starting Apply the settings specified in cloud-config...
[[0;32m  OK  [0m] Started User Manager for UID 1000.
[[0;32m  OK  [0m] Started MySQL Community Server.
[[0;32m  OK  [0m] Reached target Multi-User System.
[[0;32m  OK  [0m] Reached target Graphical Interface.
         Starting Update UTMP about System Runlevel Changes...
[[0;32m  OK  [0m] Started Update UTMP about System Runlevel Changes.
[   17.440459] cloud-init[903]: Cloud-init v. 21.1-19-gbad84ad4-0ubuntu1~18.04.1 running 'modules:config' at Tue, 27 Apr 2021 05:51:32 +0000. Up 17.22 seconds.
[[0;32m  OK  [0m] Started Apply the settings specified in cloud-config.
         Starting Execute cloud user/final scripts...
[   18.542484] cloud-init[1067]: Cloud-init v. 21.1-19-gbad84ad4-0ubuntu1~18.04.1 running 'modules:final' at Tue, 27 Apr 2021 05:51:33 +0000. Up 18.24 seconds.
[   18.547452] cloud-init[1067]: Cloud-init v. 21.1-19-gbad84ad4-0ubuntu1~18.04.1 finished at Tue, 27 Apr 2021 05:51:34 +0000. Datasource DataSourceNoCloud [seed=/dev/sdb][dsmode=net].  Up 18.50 seconds

Ubuntu 18.04.5 LTS ubuntu-bionic ttyS0

ubuntu-bionic login: [[0;32m  OK  [0m] Stopped Unattended Upgrades Shutdown.
         Stopping Availability of block devices...
         Stopping Authorization Manager...
[[0;32m  OK  [0m] Stopped target Host and Network Name Lookups.
[[0;32m  OK  [0m] Stopped target Cloud-init target.
         Stopping User Manager for UID 1000...
[[0;32m  OK  [0m] Stopped Execute cloud user/final scripts.
[[0;32m  OK  [0m] Stopped Apply the settings specified in cloud-config.
[[0;32m  OK  [0m] Stopped target Cloud-config availability.
[[0;32m  OK  [0m] Closed Load/Save RF Kill Switch Status /dev/rfkill Watch.
[[0;32m  OK  [0m] Stopped target Graphical Interface.
         Stopping Accounts Service...
         Stopping Session 3 of user vagrant.
[[0;32m  OK  [0m] Stopped target Multi-User System.
         Stopping FUSE filesystem for LXC...
         Stopping MySQL Community Server...
         Stopping System Logging Service...
         Stopping Virtualbox guest utils...
         Stopping LSB: automatic crash report generation...
         Stopping LSB: Record successful boot for GRUB...
         Stopping Dispatcher daemon for systemd-networkd...
[[0;32m  OK  [0m] Stopped Wait until snapd is fully seeded.
[[0;32m  OK  [0m] Stopped target Login Prompts.
         Stopping Getty on tty1...
         Stopping LXD - container startup/shutdown...
         Stopping OpenBSD Secure Shell server...
         Stopping Regular background program processing daemon...
         Stopping D-Bus System Message Bus...
[[0;32m  OK  [0m] Stopped target Timers.
[[0;32m  OK  [0m] Stopped Daily apt upgrade and clean activities.
[[0;32m  OK  [0m] Stopped Daily apt download activities.
[[0;32m  OK  [0m] Stopped Discard unused blocks once a week.
[[0;32m  OK  [0m] Stopped Message of the Day.
[[0;32m  OK  [0m] Stopped target System Time Synchronized.
[[0;32m  OK  [0m] Stopped Daily Cleanup of Temporary Directories.
         Stopping Serial Getty on ttyS0...
         Stopping Deferred execution scheduler...
[[0;32m  OK  [0m] Unmounted /var/lib/lxcfs.
[[0;32m  OK  [0m] Stopped System Logging Service.
[[0;32m  OK  [0m] Stopped Dispatcher daemon for systemd-networkd.
[[0;32m  OK  [0m] Stopped Accounts Service.
[[0;32m  OK  [0m] Stopped Regular background program processing daemon.
[[0;32m  OK  [0m] Stopped Deferred execution scheduler.
[[0;32m  OK  [0m] Stopped Serial Getty on ttyS0.
[[0;32m  OK  [0m] Stopped Getty on tty1.
[[0;32m  OK  [0m] Stopped OpenBSD Secure Shell server.
[[0;32m  OK  [0m] Stopped Authorization Manager.
[[0;32m  OK  [0m] Stopped User Manager for UID 1000.
[[0;32m  OK  [0m] Stopped D-Bus System Message Bus.
[[0;32m  OK  [0m] Stopped FUSE filesystem for LXC.
[[0;32m  OK  [0m] Stopped Session 3 of user vagrant.
[[0;32m  OK  [0m] Removed slice User Slice of vagrant.
         Stopping Login Service...
[[0;32m  OK  [0m] Removed slice system-getty.slice.
[[0;32m  OK  [0m] Removed slice system-serial\x2dgetty.slice.
         Stopping Permit User Sessions...
[[0;32m  OK  [0m] Stopped Login Service.
[[0;32m  OK  [0m] Stopped LXD - container startup/shutdown.
[[0;32m  OK  [0m] Stopped Permit User Sessions.
[[0;32m  OK  [0m] Stopped target User and Group Name Lookups.
[[0;32m  OK  [0m] Stopped Availability of block devices.
[[0;32m  OK  [0m] Stopped LSB: Record successful boot for GRUB.
[[0;32m  OK  [0m] Stopped LSB: automatic crash report generation.
[[0;32m  OK  [0m] Stopped target Remote File Systems.
         Unmounting /vagrant...
[[0;32m  OK  [0m] Unmounted /vagrant.
[[0;32m  OK  [0m] Stopped target Remote File Systems (Pre).
[[0;32m  OK  [0m] Stopped target Network is Online.
[[0;32m  OK  [0m] Stopped Virtualbox guest utils.
[[0;32m  OK  [0m] Stopped MySQL Community Server.
[[0;32m  OK  [0m] Stopped target Network.
         Stopping Network Name Resolution...
[[0;32m  OK  [0m] Stopped target Basic System.
[[0;32m  OK  [0m] Stopped target Sockets.
[[0;32m  OK  [0m] Closed LXD - unix socket.
[[0;32m  OK  [0m] Closed Open-iSCSI iscsid Socket.
[[0;32m  OK  [0m] Closed D-Bus System Message Bus Socket.
[[0;32m  OK  [0m] Closed ACPID Listen Socket.
[[0;32m  OK  [0m] Closed UUID daemon activation socket.
[[0;32m  OK  [0m] Closed Socket activation for snappy daemon.
[[0;32m  OK  [0m] Closed Syslog Socket.
[[0;32m  OK  [0m] Stopped target Paths.
[[0;32m  OK  [0m] Stopped ACPI Events Check.
[[0;32m  OK  [0m] Stopped target Slices.
[[0;32m  OK  [0m] Removed slice User and Session Slice.
[[0;32m  OK  [0m] Stopped target System Initialization.
         Stopping Update UTMP about System Boot/Shutdown...
         Stopping Load/Save Random Seed...
[[0;32m  OK  [0m] Stopped Initial cloud-init job (metadata service crawler).
[[0;32m  OK  [0m] Stopped target Local Encrypted Volumes.
[[0;32m  OK  [0m] Stopped Dispatch Password Requests to Console Directory Watch.
[[0;32m  OK  [0m] Stopped Forward Password Requests to Wall Directory Watch.
[[0;32m  OK  [0m] Stopped Network Name Resolution.
[[0;32m  OK  [0m] Stopped Load/Save Random Seed.
         Stopping Network Service...
[[0;32m  OK  [0m] Stopped Update UTMP about System Boot/Shutdown.
[[0;32m  OK  [0m] Stopped Network Service.
[[0;32m  OK  [0m] Stopped Apply Kernel Variables.
[[0;32m  OK  [0m] Stopped Load Kernel Modules.
[[0;32m  OK  [0m] Stopped target Network (Pre).
[[0;32m  OK  [0m] Stopped Initial cloud-init job (pre-networking).
[[0;32m  OK  [0m] Stopped Create Volatile Files and Directories.
[[0;32m  OK  [0m] Stopped target Local File Systems.
         Unmounting /run/user/1000...
[[0;32m  OK  [0m] Unmounted /run/user/1000.
[[0;32m  OK  [0m] Reached target Unmount All Filesystems.
[[0;32m  OK  [0m] Stopped target Swap.
[[0;32m  OK  [0m] Stopped target Local File Systems (Pre).
[[0;32m  OK  [0m] Stopped Remount Root and Kernel File Systems.
         Stopping Monitoring of LVM2 mirrorsâ€¦ng dmeventd or progress polling...
[[0;32m  OK  [0m] Stopped Create Static Device Nodes in /dev.
[[0;32m  OK  [0m] Reached target Shutdown.
[[0;32m  OK  [0m] Reached target Final Step.
         Starting Power-Off...
[  176.244409] reboot: Power down
